Release 14.7 - xst P.20131013 (lin64)
Copyright (c) 1995-2013 Xilinx, Inc.  All rights reserved.
--> 
Parameter TMPDIR set to xst/projnav.tmp


Total REAL time to Xst completion: 0.00 secs
Total CPU time to Xst completion: 0.06 secs
 
--> 
Parameter xsthdpdir set to xst


Total REAL time to Xst completion: 0.00 secs
Total CPU time to Xst completion: 0.06 secs
 
--> 
Reading design: contador.prj

TABLE OF CONTENTS
  1) Synthesis Options Summary
  2) HDL Compilation
  3) Design Hierarchy Analysis
  4) HDL Analysis
  5) HDL Synthesis
     5.1) HDL Synthesis Report
  6) Advanced HDL Synthesis
     6.1) Advanced HDL Synthesis Report
  7) Low Level Synthesis
  8) Partition Report
  9) Final Report
	9.1) Device utilization summary
	9.2) Partition Resource Summary
	9.3) TIMING REPORT


=========================================================================
*                      Synthesis Options Summary                        *
=========================================================================
---- Source Parameters
Input File Name                    : "contador.prj"
Input Format                       : mixed
Ignore Synthesis Constraint File   : NO

---- Target Parameters
Output File Name                   : "contador"
Output Format                      : NGC
Target Device                      : xc3s700an-4-fgg484

---- Source Options
Top Module Name                    : contador
Automatic FSM Extraction           : YES
FSM Encoding Algorithm             : Auto
Safe Implementation                : No
FSM Style                          : LUT
RAM Extraction                     : Yes
RAM Style                          : Auto
ROM Extraction                     : Yes
Mux Style                          : Auto
Decoder Extraction                 : YES
Priority Encoder Extraction        : Yes
Shift Register Extraction          : YES
Logical Shifter Extraction         : YES
XOR Collapsing                     : YES
ROM Style                          : Auto
Mux Extraction                     : Yes
Resource Sharing                   : YES
Asynchronous To Synchronous        : NO
Multiplier Style                   : Auto
Automatic Register Balancing       : No

---- Target Options
Add IO Buffers                     : YES
Global Maximum Fanout              : 100000
Add Generic Clock Buffer(BUFG)     : 24
Register Duplication               : YES
Slice Packing                      : YES
Optimize Instantiated Primitives   : NO
Use Clock Enable                   : Yes
Use Synchronous Set                : Yes
Use Synchronous Reset              : Yes
Pack IO Registers into IOBs        : Auto
Equivalent register Removal        : YES

---- General Options
Optimization Goal                  : Speed
Optimization Effort                : 1
Keep Hierarchy                     : No
Netlist Hierarchy                  : As_Optimized
RTL Output                         : Yes
Global Optimization                : AllClockNets
Read Cores                         : YES
Write Timing Constraints           : NO
Cross Clock Analysis               : NO
Hierarchy Separator                : /
Bus Delimiter                      : <>
Case Specifier                     : Maintain
Slice Utilization Ratio            : 100
BRAM Utilization Ratio             : 100
Verilog 2001                       : YES
Auto BRAM Packing                  : NO
Slice Utilization Ratio Delta      : 5

=========================================================================


=========================================================================
*                          HDL Compilation                              *
=========================================================================
Compiling vhdl file "/home/lukas/ISE_PROJETOS/ULA/contador.vhd" in Library work.
Entity <contador> compiled.
Entity <contador> (Architecture <hardware>) compiled.

=========================================================================
*                     Design Hierarchy Analysis                         *
=========================================================================
Analyzing hierarchy for entity <contador> in library <work> (architecture <hardware>).


=========================================================================
*                            HDL Analysis                               *
=========================================================================
Analyzing Entity <contador> in library <work> (Architecture <hardware>).
Entity <contador> analyzed. Unit <contador> generated.


=========================================================================
*                           HDL Synthesis                               *
=========================================================================

Performing bidirectional port resolution...

Synthesizing Unit <contador>.
    Related source file is "/home/lukas/ISE_PROJETOS/ULA/contador.vhd".
    Found 26-bit register for signal <contando>.
    Found 26-bit adder for signal <contando$addsub0000> created at line 57.
    Found 26-bit comparator greatequal for signal <contando$cmp_ge0000> created at line 54.
    Summary:
	inferred  26 D-type flip-flop(s).
	inferred   1 Adder/Subtractor(s).
	inferred   1 Comparator(s).
Unit <contador> synthesized.


=========================================================================
HDL Synthesis Report

Macro Statistics
# Adders/Subtractors                                   : 1
 26-bit adder                                          : 1
# Registers                                            : 1
 26-bit register                                       : 1
# Comparators                                          : 1
 26-bit comparator greatequal                          : 1

=========================================================================

=========================================================================
*                       Advanced HDL Synthesis                          *
=========================================================================


=========================================================================
Advanced HDL Synthesis Report

Macro Statistics
# Adders/Subtractors                                   : 1
 26-bit adder                                          : 1
# Registers                                            : 26
 Flip-Flops                                            : 26
# Comparators                                          : 1
 26-bit comparator greatequal                          : 1

=========================================================================

=========================================================================
*                         Low Level Synthesis                           *
=========================================================================

Optimizing unit <contador> ...

Mapping all equations...
Building and optimizing final netlist ...
Found area constraint ratio of 100 (+ 5) on block contador, actual ratio is 0.

Final Macro Processing ...

=========================================================================
Final Register Report

Macro Statistics
# Registers                                            : 26
 Flip-Flops                                            : 26

=========================================================================

=========================================================================
*                           Partition Report                            *
=========================================================================

Partition Implementation Status
-------------------------------

  No Partitions were found in this design.

-------------------------------

=========================================================================
*                            Final Report                               *
=========================================================================
Final Results
RTL Top Level Output File Name     : contador.ngr
Top Level Output File Name         : contador
Output Format                      : NGC
Optimization Goal                  : Speed
Keep Hierarchy                     : No

Design Statistics
# IOs                              : 55

Cell Usage :
# BELS                             : 127
#      GND                         : 1
#      INV                         : 3
#      LUT1                        : 29
#      LUT2                        : 4
#      LUT3                        : 1
#      LUT4                        : 26
#      MUXCY                       : 36
#      VCC                         : 1
#      XORCY                       : 26
# FlipFlops/Latches                : 26
#      FDC                         : 26
# Clock Buffers                    : 1
#      BUFGP                       : 1
# IO Buffers                       : 54
#      IBUF                        : 28
#      OBUF                        : 26
=========================================================================

Device utilization summary:
---------------------------

Selected Device : 3s700anfgg484-4 

 Number of Slices:                       34  out of   5888     0%  
 Number of Slice Flip Flops:             26  out of  11776     0%  
 Number of 4 input LUTs:                 63  out of  11776     0%  
 Number of IOs:                          55
 Number of bonded IOBs:                  55  out of    372    14%  
 Number of GCLKs:                         1  out of     24     4%  

---------------------------
Partition Resource Summary:
---------------------------

  No Partitions were found in this design.

---------------------------


=========================================================================
TIMING REPORT

NOTE: THESE TIMING NUMBERS ARE ONLY A SYNTHESIS ESTIMATE.
      FOR ACCURATE TIMING INFORMATION PLEASE REFER TO THE TRACE REPORT
      GENERATED AFTER PLACE-and-ROUTE.

Clock Information:
------------------
-----------------------------------+------------------------+-------+
Clock Signal                       | Clock buffer(FF name)  | Load  |
-----------------------------------+------------------------+-------+
clk                                | BUFGP                  | 26    |
-----------------------------------+------------------------+-------+

Asynchronous Control Signals Information:
----------------------------------------
-----------------------------------+------------------------+-------+
Control Signal                     | Buffer(FF name)        | Load  |
-----------------------------------+------------------------+-------+
rst                                | IBUF                   | 26    |
-----------------------------------+------------------------+-------+

Timing Summary:
---------------
Speed Grade: -4

   Minimum period: 6.123ns (Maximum Frequency: 163.319MHz)
   Minimum input arrival time before clock: 3.084ns
   Maximum output required time after clock: 5.642ns
   Maximum combinational path delay: No path found

Timing Detail:
--------------
All values displayed in nanoseconds (ns)

=========================================================================
Timing constraint: Default period analysis for Clock 'clk'
  Clock period: 6.123ns (frequency: 163.319MHz)
  Total number of paths / destination ports: 793 / 26
-------------------------------------------------------------------------
Delay:               6.123ns (Levels of Logic = 27)
  Source:            contando_1 (FF)
  Destination:       contando_25 (FF)
  Source Clock:      clk rising
  Destination Clock: clk rising

  Data Path: contando_1 to contando_25
                                Gate     Net
    Cell:in->out      fanout   Delay   Delay  Logical Name (Net Name)
    ----------------------------------------  ------------
     FDC:C->Q              2   0.591   0.590  contando_1 (contando_1)
     LUT1:I0->O            1   0.648   0.000  Madd_contando_addsub0000_cy<1>_rt (Madd_contando_addsub0000_cy<1>_rt)
     MUXCY:S->O            1   0.632   0.000  Madd_contando_addsub0000_cy<1> (Madd_contando_addsub0000_cy<1>)
     MUXCY:CI->O           1   0.065   0.000  Madd_contando_addsub0000_cy<2> (Madd_contando_addsub0000_cy<2>)
     MUXCY:CI->O           1   0.065   0.000  Madd_contando_addsub0000_cy<3> (Madd_contando_addsub0000_cy<3>)
     MUXCY:CI->O           1   0.065   0.000  Madd_contando_addsub0000_cy<4> (Madd_contando_addsub0000_cy<4>)
     MUXCY:CI->O           1   0.065   0.000  Madd_contando_addsub0000_cy<5> (Madd_contando_addsub0000_cy<5>)
     MUXCY:CI->O           1   0.065   0.000  Madd_contando_addsub0000_cy<6> (Madd_contando_addsub0000_cy<6>)
     MUXCY:CI->O           1   0.065   0.000  Madd_contando_addsub0000_cy<7> (Madd_contando_addsub0000_cy<7>)
     MUXCY:CI->O           1   0.065   0.000  Madd_contando_addsub0000_cy<8> (Madd_contando_addsub0000_cy<8>)
     MUXCY:CI->O           1   0.065   0.000  Madd_contando_addsub0000_cy<9> (Madd_contando_addsub0000_cy<9>)
     MUXCY:CI->O           1   0.065   0.000  Madd_contando_addsub0000_cy<10> (Madd_contando_addsub0000_cy<10>)
     MUXCY:CI->O           1   0.065   0.000  Madd_contando_addsub0000_cy<11> (Madd_contando_addsub0000_cy<11>)
     MUXCY:CI->O           1   0.065   0.000  Madd_contando_addsub0000_cy<12> (Madd_contando_addsub0000_cy<12>)
     MUXCY:CI->O           1   0.065   0.000  Madd_contando_addsub0000_cy<13> (Madd_contando_addsub0000_cy<13>)
     MUXCY:CI->O           1   0.065   0.000  Madd_contando_addsub0000_cy<14> (Madd_contando_addsub0000_cy<14>)
     MUXCY:CI->O           1   0.065   0.000  Madd_contando_addsub0000_cy<15> (Madd_contando_addsub0000_cy<15>)
     MUXCY:CI->O           1   0.065   0.000  Madd_contando_addsub0000_cy<16> (Madd_contando_addsub0000_cy<16>)
     MUXCY:CI->O           1   0.065   0.000  Madd_contando_addsub0000_cy<17> (Madd_contando_addsub0000_cy<17>)
     MUXCY:CI->O           1   0.065   0.000  Madd_contando_addsub0000_cy<18> (Madd_contando_addsub0000_cy<18>)
     MUXCY:CI->O           1   0.065   0.000  Madd_contando_addsub0000_cy<19> (Madd_contando_addsub0000_cy<19>)
     MUXCY:CI->O           1   0.065   0.000  Madd_contando_addsub0000_cy<20> (Madd_contando_addsub0000_cy<20>)
     MUXCY:CI->O           1   0.065   0.000  Madd_contando_addsub0000_cy<21> (Madd_contando_addsub0000_cy<21>)
     MUXCY:CI->O           1   0.065   0.000  Madd_contando_addsub0000_cy<22> (Madd_contando_addsub0000_cy<22>)
     MUXCY:CI->O           1   0.065   0.000  Madd_contando_addsub0000_cy<23> (Madd_contando_addsub0000_cy<23>)
     MUXCY:CI->O           0   0.065   0.000  Madd_contando_addsub0000_cy<24> (Madd_contando_addsub0000_cy<24>)
     XORCY:CI->O           1   0.844   0.423  Madd_contando_addsub0000_xor<25> (contando_addsub0000<25>)
     LUT4:I3->O            1   0.648   0.000  contando_mux0002<25>1 (contando_mux0002<25>)
     FDC:D                     0.252          contando_25
    ----------------------------------------
    Total                      6.123ns (5.110ns logic, 1.013ns route)
                                       (83.5% logic, 16.5% route)

=========================================================================
Timing constraint: Default OFFSET IN BEFORE for Clock 'clk'
  Total number of paths / destination ports: 52 / 26
-------------------------------------------------------------------------
Offset:              3.084ns (Levels of Logic = 2)
  Source:            load (PAD)
  Destination:       contando_0 (FF)
  Destination Clock: clk rising

  Data Path: load to contando_0
                                Gate     Net
    Cell:in->out      fanout   Delay   Delay  Logical Name (Net Name)
    ----------------------------------------  ------------
     IBUF:I->O            26   0.849   1.340  load_IBUF (load_IBUF)
     LUT4:I1->O            1   0.643   0.000  contando_mux0002<3>1 (contando_mux0002<3>)
     FDC:D                     0.252          contando_3
    ----------------------------------------
    Total                      3.084ns (1.744ns logic, 1.340ns route)
                                       (56.5% logic, 43.5% route)

=========================================================================
Timing constraint: Default OFFSET OUT AFTER for Clock 'clk'
  Total number of paths / destination ports: 26 / 26
-------------------------------------------------------------------------
Offset:              5.642ns (Levels of Logic = 1)
  Source:            contando_25 (FF)
  Destination:       saida<25> (PAD)
  Source Clock:      clk rising

  Data Path: contando_25 to saida<25>
                                Gate     Net
    Cell:in->out      fanout   Delay   Delay  Logical Name (Net Name)
    ----------------------------------------  ------------
     FDC:C->Q              3   0.591   0.531  contando_25 (contando_25)
     OBUF:I->O                 4.520          saida_25_OBUF (saida<25>)
    ----------------------------------------
    Total                      5.642ns (5.111ns logic, 0.531ns route)
                                       (90.6% logic, 9.4% route)

=========================================================================


Total REAL time to Xst completion: 5.00 secs
Total CPU time to Xst completion: 4.33 secs
 
--> 


Total memory usage is 511132 kilobytes

Number of errors   :    0 (   0 filtered)
Number of warnings :    0 (   0 filtered)
Number of infos    :    0 (   0 filtered)

