EN porta_and NULL /home/lukas/ISE_PROJETOS/ULAv2/Porta_And.vhd sub00/vhpl10 1540524319
AR porta_or orarch /home/lukas/ISE_PROJETOS/ULAv2/Porta_Or.vhd sub00/vhpl09 1540524318
EN porta_xor NULL /home/lukas/ISE_PROJETOS/ULAv2/Porta_Xor.vhd sub00/vhpl12 1540524315
AR multiplicafourbits multiplicaarch /home/lukas/ISE_PROJETOS/ULAv2/multiplicaFourBits.vhd sub00/vhpl07 1540524324
AR porta_and andarch /home/lukas/ISE_PROJETOS/ULAv2/Porta_And.vhd sub00/vhpl11 1540524320
AR eightbitsadder eightbitsarch /home/lukas/ISE_PROJETOS/ULAv2/eightBitsAdder.vhd sub00/vhpl05 1540524314
AR porta_xor xorarch /home/lukas/ISE_PROJETOS/ULAv2/Porta_Xor.vhd sub00/vhpl13 1540524316
EN incrementador NULL /home/lukas/ISE_PROJETOS/ULAv2/incrementador.vhd sub00/vhpl14 1540524321
AR inverter behavioral /home/lukas/ISE_PROJETOS/ULAv2/inverter.vhd sub00/vhpl17 1540524312
AR fourbitssubtractor behavioral /home/lukas/ISE_PROJETOS/ULAv2/fourBitsSubstractor.vhd sub00/vhpl19 1540524326
AR incrementador incrementadorarch /home/lukas/ISE_PROJETOS/ULAv2/incrementador.vhd sub00/vhpl15 1540524322
EN porta_or NULL /home/lukas/ISE_PROJETOS/ULAv2/Porta_Or.vhd sub00/vhpl08 1540524317
EN fulladder NULL /home/lukas/ISE_PROJETOS/ULAv2/fullAdder.vhd sub00/vhpl00 1540524307
EN inverter NULL /home/lukas/ISE_PROJETOS/ULAv2/inverter.vhd sub00/vhpl16 1540524311
EN ula NULL /home/lukas/ISE_PROJETOS/ULAv2/ULA.vhd sub00/vhpl20 1540524327
AR geradordesinais hardware /home/lukas/ISE_PROJETOS/ULAv2/GeradorDeSinais.vhd sub00/vhpl25 1540524332
AR ula behavioral /home/lukas/ISE_PROJETOS/ULAv2/ULA.vhd sub00/vhpl21 1540524328
EN geradordesinais NULL /home/lukas/ISE_PROJETOS/ULAv2/GeradorDeSinais.vhd sub00/vhpl22 1540524331
EN fourbitsadder NULL /home/lukas/ISE_PROJETOS/ULAv2/fourBitsAdder.vhd sub00/vhpl02 1540524309
EN contador NULL /home/lukas/ISE_PROJETOS/ULAv2/contador.vhd sub00/vhpl23 1540524329
EN multiplicafourbits NULL /home/lukas/ISE_PROJETOS/ULAv2/multiplicaFourBits.vhd sub00/vhpl06 1540524323
AR fourbitsadder behavioral /home/lukas/ISE_PROJETOS/ULAv2/fourBitsAdder.vhd sub00/vhpl03 1540524310
AR contador hardware /home/lukas/ISE_PROJETOS/ULAv2/contador.vhd sub00/vhpl24 1540524330
EN eightbitsadder NULL /home/lukas/ISE_PROJETOS/ULAv2/eightBitsAdder.vhd sub00/vhpl04 1540524313
AR fulladder behavioral /home/lukas/ISE_PROJETOS/ULAv2/fullAdder.vhd sub00/vhpl01 1540524308
EN fourbitssubtractor NULL /home/lukas/ISE_PROJETOS/ULAv2/fourBitsSubstractor.vhd sub00/vhpl18 1540524325
