V3 106
FL /home/lukas/ISE_PROJETOS/full_Adder/eightBitsAdder.vhd 2018/09/20.22:09:54 P.20131013
FL /home/lukas/ISE_PROJETOS/full_Adder/fourBitsAdder.vhd 2018/09/20.22:39:52 P.20131013
FL /home/lukas/ISE_PROJETOS/full_Adder/fullAdder.vhd 2018/09/15.21:50:34 P.20131013
FL /home/lukas/ISE_PROJETOS/full_Adder/multiplicaFourBits.vhd 2018/09/21.00:47:02 P.20131013
FL /home/lukas/ISE_PROJETOS/full_Adder_final/eightBitsAdder.vhd 2018/09/21.15:04:30 P.20131013
FL /home/lukas/ISE_PROJETOS/full_Adder_final/fourBitsAdder.vhd 2018/09/21.15:04:32 P.20131013
FL /home/lukas/ISE_PROJETOS/full_Adder_final/fourBitsSubstractor.vhd 2018/09/27.21:48:11 P.20131013
FL /home/lukas/ISE_PROJETOS/full_Adder_final/fullAdder.vhd 2018/09/21.15:04:32 P.20131013
FL /home/lukas/ISE_PROJETOS/full_Adder_final/incrementador.vhd 2018/09/21.15:04:32 P.20131013
FL /home/lukas/ISE_PROJETOS/full_Adder_final/inverter.vhd 2018/09/22.17:05:45 P.20131013
FL /home/lukas/ISE_PROJETOS/full_Adder_final/multiplicaFourBits.vhd 2018/09/27.20:33:44 P.20131013
FL /home/lukas/ISE_PROJETOS/full_Adder_final/Porta_And.vhd 2018/09/21.15:04:30 P.20131013
FL /home/lukas/ISE_PROJETOS/full_Adder_final/Porta_Or.vhd 2018/09/21.15:04:32 P.20131013
FL /home/lukas/ISE_PROJETOS/full_Adder_final/Porta_Xor.vhd 2018/09/22.16:53:15 P.20131013
FL /home/lukas/ISE_PROJETOS/full_Adder_final/ULA.vhd 2018/09/27.22:48:03 P.20131013
FL /home/lukas/ISE_PROJETOS/ULA/contador.vhd 2018/09/30.12:20:22 P.20131013
FL /home/lukas/ISE_PROJETOS/ULA/eightBitsAdder.vhd 2018/09/21.15:04:30 P.20131013
FL /home/lukas/ISE_PROJETOS/ULA/fourBitsAdder.vhd 2018/09/21.15:04:32 P.20131013
FL /home/lukas/ISE_PROJETOS/ULA/fourBitsSubstractor.vhd 2018/09/27.21:48:10 P.20131013
FL /home/lukas/ISE_PROJETOS/ULA/fullAdder.vhd 2018/09/21.15:04:32 P.20131013
FL /home/lukas/ISE_PROJETOS/ULA/GeradorDeSinais.vhd 2018/09/30.12:35:54 P.20131013
FL /home/lukas/ISE_PROJETOS/ULA/incrementador.vhd 2018/09/21.15:04:32 P.20131013
FL /home/lukas/ISE_PROJETOS/ULA/inverter.vhd 2018/09/22.17:05:44 P.20131013
FL /home/lukas/ISE_PROJETOS/ULA/multiplicaFourBits.vhd 2018/09/27.20:33:44 P.20131013
FL /home/lukas/ISE_PROJETOS/ULA/Porta_And.vhd 2018/09/21.15:04:30 P.20131013
FL /home/lukas/ISE_PROJETOS/ULA/Porta_Or.vhd 2018/09/21.15:04:32 P.20131013
FL /home/lukas/ISE_PROJETOS/ULA/Porta_Xor.vhd 2018/09/22.16:53:14 P.20131013
FL /home/lukas/ISE_PROJETOS/ULA/ULA.vhd 2018/09/28.14:21:44 P.20131013
FL /home/lukas/ISE_PROJETOS/ULAv2/contador.vhd 2018/10/26.00:19:19 P.20131013
EN work/contador 1540524329 FL /home/lukas/ISE_PROJETOS/ULAv2/contador.vhd \
      PB ieee/std_logic_1164 1370735607
AR work/contador/hardware 1540524330 \
      FL /home/lukas/ISE_PROJETOS/ULAv2/contador.vhd EN work/contador 1540524329
FL /home/lukas/ISE_PROJETOS/ULAv2/eightBitsAdder.vhd 2018/09/21.15:04:30 P.20131013
EN work/eightBitsAdder 1540524313 \
      FL /home/lukas/ISE_PROJETOS/ULAv2/eightBitsAdder.vhd PB ieee/std_logic_1164 1370735607
AR work/eightBitsAdder/eightBitsArch 1540524314 \
      FL /home/lukas/ISE_PROJETOS/ULAv2/eightBitsAdder.vhd EN work/eightBitsAdder 1540524313 \
      CP fourBitsAdder
FL /home/lukas/ISE_PROJETOS/ULAv2/fourBitsAdder.vhd 2018/09/21.15:04:32 P.20131013
EN work/fourBitsAdder 1540524309 \
      FL /home/lukas/ISE_PROJETOS/ULAv2/fourBitsAdder.vhd PB ieee/std_logic_1164 1370735607
AR work/fourBitsAdder/Behavioral 1540524310 \
      FL /home/lukas/ISE_PROJETOS/ULAv2/fourBitsAdder.vhd EN work/fourBitsAdder 1540524309 \
      CP fullAdder
FL /home/lukas/ISE_PROJETOS/ULAv2/fourBitsSubstractor.vhd 2018/09/27.21:48:10 P.20131013
EN work/fourBitsSubtractor 1540524325 \
      FL /home/lukas/ISE_PROJETOS/ULAv2/fourBitsSubstractor.vhd \
      PB ieee/std_logic_1164 1370735607
AR work/fourBitsSubtractor/Behavioral 1540524326 \
      FL /home/lukas/ISE_PROJETOS/ULAv2/fourBitsSubstractor.vhd \
      EN work/fourBitsSubtractor 1540524325 CP Inverter CP fourBitsAdder
FL /home/lukas/ISE_PROJETOS/ULAv2/fullAdder.vhd 2018/09/21.15:04:32 P.20131013
EN work/fullAdder 1540524307 FL /home/lukas/ISE_PROJETOS/ULAv2/fullAdder.vhd \
      PB ieee/std_logic_1164 1370735607
AR work/fullAdder/Behavioral 1540524308 \
      FL /home/lukas/ISE_PROJETOS/ULAv2/fullAdder.vhd EN work/fullAdder 1540524307
FL /home/lukas/ISE_PROJETOS/ULAv2/GeradorDeSinais.vhd 2018/10/26.00:24:59 P.20131013
EN work/GeradorDeSinais 1540524331 \
      FL /home/lukas/ISE_PROJETOS/ULAv2/GeradorDeSinais.vhd \
      PB ieee/std_logic_1164 1370735607
AR work/GeradorDeSinais/hardware 1540524332 \
      FL /home/lukas/ISE_PROJETOS/ULAv2/GeradorDeSinais.vhd \
      EN work/GeradorDeSinais 1540524331 CP ULA CP contador
FL /home/lukas/ISE_PROJETOS/ULAv2/incrementador.vhd 2018/09/21.15:04:32 P.20131013
EN work/incrementador 1540524321 \
      FL /home/lukas/ISE_PROJETOS/ULAv2/incrementador.vhd PB ieee/std_logic_1164 1370735607
AR work/incrementador/incrementadorArch 1540524322 \
      FL /home/lukas/ISE_PROJETOS/ULAv2/incrementador.vhd EN work/incrementador 1540524321 \
      CP fourBitsAdder
FL /home/lukas/ISE_PROJETOS/ULAv2/inverter.vhd 2018/10/26.00:20:40 P.20131013
EN work/Inverter 1540524311 FL /home/lukas/ISE_PROJETOS/ULAv2/inverter.vhd \
      PB ieee/std_logic_1164 1370735607
AR work/Inverter/Behavioral 1540524312 \
      FL /home/lukas/ISE_PROJETOS/ULAv2/inverter.vhd EN work/Inverter 1540524311
FL /home/lukas/ISE_PROJETOS/ULAv2/multiplicaFourBits.vhd 2018/10/26.00:19:19 P.20131013
EN work/multiplicaFourBits 1540524323 \
      FL /home/lukas/ISE_PROJETOS/ULAv2/multiplicaFourBits.vhd \
      PB ieee/std_logic_1164 1370735607
AR work/multiplicaFourBits/multiplicaArch 1540524324 \
      FL /home/lukas/ISE_PROJETOS/ULAv2/multiplicaFourBits.vhd \
      EN work/multiplicaFourBits 1540524323 CP eightBitsAdder
FL /home/lukas/ISE_PROJETOS/ULAv2/Porta_And.vhd 2018/09/21.15:04:30 P.20131013
EN work/Porta_And 1540524319 FL /home/lukas/ISE_PROJETOS/ULAv2/Porta_And.vhd \
      PB ieee/std_logic_1164 1370735607
AR work/Porta_And/andArch 1540524320 \
      FL /home/lukas/ISE_PROJETOS/ULAv2/Porta_And.vhd EN work/Porta_And 1540524319
FL /home/lukas/ISE_PROJETOS/ULAv2/Porta_Or.vhd 2018/09/21.15:04:32 P.20131013
EN work/Porta_Or 1540524317 FL /home/lukas/ISE_PROJETOS/ULAv2/Porta_Or.vhd \
      PB ieee/std_logic_1164 1370735607
AR work/Porta_Or/OrArch 1540524318 \
      FL /home/lukas/ISE_PROJETOS/ULAv2/Porta_Or.vhd EN work/Porta_Or 1540524317
FL /home/lukas/ISE_PROJETOS/ULAv2/Porta_Xor.vhd 2018/09/22.16:53:14 P.20131013
EN work/Porta_Xor 1540524315 FL /home/lukas/ISE_PROJETOS/ULAv2/Porta_Xor.vhd \
      PB ieee/std_logic_1164 1370735607
AR work/Porta_Xor/xorArch 1540524316 \
      FL /home/lukas/ISE_PROJETOS/ULAv2/Porta_Xor.vhd EN work/Porta_Xor 1540524315
FL /home/lukas/ISE_PROJETOS/ULAv2/ULA.vhd 2018/09/28.14:21:44 P.20131013
EN work/ULA 1540524327 FL /home/lukas/ISE_PROJETOS/ULAv2/ULA.vhd \
      PB ieee/std_logic_1164 1370735607
AR work/ULA/Behavioral 1540524328 \
      FL /home/lukas/ISE_PROJETOS/ULAv2/ULA.vhd EN work/ULA 1540524327 \
      CP Porta_Xor CP Porta_Or CP Porta_And CP Inverter CP incrementador \
      CP multiplicaFourBits CP fourBitsSubtractor CP fourBitsAdder
FL /home/sd/Desktop/full_Adder/eightBitsAdder.vhd 2018/09/20.22:09:54 P.20131013
FL /home/sd/Desktop/full_Adder/fourBitsAdder.vhd 2018/09/20.22:39:52 P.20131013
FL /home/sd/Desktop/full_Adder/fullAdder.vhd 2018/09/15.21:50:34 P.20131013
FL /home/sd/Desktop/full_Adder/incrementador.vhd 2018/09/21.14:29:10 P.20131013
FL /home/sd/Desktop/full_Adder/multiplicaFourBits.vhd 2018/09/21.13:55:53 P.20131013
FL /home/sd/Desktop/full_Adder/Porta_And.vhd 2018/09/21.14:29:10 P.20131013
FL /home/sd/Desktop/full_Adder/Porta_Or.vhd 2018/09/21.14:02:10 P.20131013
FL /home/sd/Desktop/full_Adder/Porta_Xor.vhd 2018/09/21.14:19:05 P.20131013
FL /home/sd/Desktop/full_Adder_girao/fourBitsSubtractor.vhd 2018/09/21.12:44:00 P.20131013
FL /home/sd/Desktop/full_Adder_girao/Inverter.vhd 2018/09/20.23:03:34 P.20131013
FL /media/lukas/Lukas/full_Adder_girao/fourBitsSubtractor.vhd 2018/09/21.12:44:00 P.20131013
FL /media/lukas/Lukas/full_Adder_girao/Inverter.vhd 2018/09/20.23:03:34 P.20131013
FL /media/LUKAS/ULAv2/contador.vhd 2018/10/05.14:08:07 P.20131013
FL /media/LUKAS/ULAv2/eightBitsAdder.vhd 2018/09/21.15:04:30 P.20131013
FL /media/LUKAS/ULAv2/fourBitsAdder.vhd 2018/09/21.15:04:32 P.20131013
FL /media/LUKAS/ULAv2/fourBitsSubstractor.vhd 2018/09/27.21:48:10 P.20131013
FL /media/LUKAS/ULAv2/fullAdder.vhd 2018/09/21.15:04:32 P.20131013
FL /media/LUKAS/ULAv2/GeradorDeSinais.vhd 2018/10/05.14:01:37 P.20131013
FL /media/LUKAS/ULAv2/incrementador.vhd 2018/09/21.15:04:32 P.20131013
FL /media/LUKAS/ULAv2/inverter.vhd 2018/09/22.17:05:44 P.20131013
FL /media/LUKAS/ULAv2/multiplicaFourBits.vhd 2018/09/27.20:33:44 P.20131013
FL /media/LUKAS/ULAv2/Porta_And.vhd 2018/09/21.15:04:30 P.20131013
FL /media/LUKAS/ULAv2/Porta_Or.vhd 2018/09/21.15:04:32 P.20131013
FL /media/LUKAS/ULAv2/Porta_Xor.vhd 2018/09/22.16:53:14 P.20131013
FL /media/LUKAS/ULAv2/ULA.vhd 2018/09/28.14:21:44 P.20131013
FL "C:/Users/nando/Desktop/UFRJ/6 periodo/SD/LAB/PrimeiroTrabalho/full_Adder/fourBitsAdder.vhd" 2018/09/16.10:41:14 P.20131013
FL "C:/Users/nando/Desktop/UFRJ/6 periodo/SD/LAB/PrimeiroTrabalho/full_Adder/fullAdder.vhd" 2018/09/15.21:50:34 P.20131013
